// Jest Snapshot v1, https://goo.gl/fbAQLP

exports[`Web3RequestManager providers should return providers on class 1`] = `
Object {
  "HttpProvider": Object {},
  "IpcProvider": Object {},
  "WebsocketProvider": Object {},
}
`;

exports[`Web3RequestManager providers should return providers on instance 1`] = `
Object {
  "HttpProvider": Object {},
  "IpcProvider": Object {},
  "WebsocketProvider": Object {},
}
`;
